Discovering graphs (ascending by edges)…
Found 37 graphs
ACO replicates per ant count: 6 (run 1 = JIT warmup; emit uses the rest)
Run pivot for optimum: 0
Neighbor scope limit: false
Prefer smaller side: true
Elite pheromone (emit): false
ACO tabu repair: false
MMAS bounds: false
DEBUG (post-reduction plant check): true
Writing vary results under results/vary_k2t5i_P/

[1/37] konect-small/moreno → results/vary_k2t5i_P/moreno_ants.json
Skipping (exists): results/vary_k2t5i_P/moreno_ants.json

[2/37] konect-small/facebook → results/vary_k2t5i_P/facebook_ants.json
Skipping (exists): results/vary_k2t5i_P/facebook_ants.json

[3/37] konect-small/maayan-vidal → results/vary_k2t5i_P/maayan-vidal_ants.json
Skipping (exists): results/vary_k2t5i_P/maayan-vidal_ants.json

[4/37] konect-small/edit-zuwiktionary → results/vary_k2t5i_P/edit-zuwiktionary_ants.json
Skipping (exists): results/vary_k2t5i_P/edit-zuwiktionary_ants.json

[5/37] konect-small/edit-srwikiquote → results/vary_k2t5i_P/edit-srwikiquote_ants.json
Skipping (exists): results/vary_k2t5i_P/edit-srwikiquote_ants.json

[6/37] konect-small/edit-vewiki → results/vary_k2t5i_P/edit-vewiki_ants.json
Skipping (exists): results/vary_k2t5i_P/edit-vewiki_ants.json

[7/37] konect-small/edit-guwikiquote → results/vary_k2t5i_P/edit-guwikiquote_ants.json
Skipping (exists): results/vary_k2t5i_P/edit-guwikiquote_ants.json

[8/37] konect-small/dnc-corecipient → results/vary_k2t5i_P/dnc-corecipient_ants.json
Skipping (exists): results/vary_k2t5i_P/dnc-corecipient_ants.json

[9/37] konect-small/moreno_health → results/vary_k2t5i_P/moreno_health_ants.json
Skipping (exists): results/vary_k2t5i_P/moreno_health_ants.json

[10/37] konect-small/edit-mkwikisource → results/vary_k2t5i_P/edit-mkwikisource_ants.json
Skipping (exists): results/vary_k2t5i_P/edit-mkwikisource_ants.json

[11/37] konect-small/edit-mrwiktionary → results/vary_k2t5i_P/edit-mrwiktionary_ants.json
Skipping (exists): results/vary_k2t5i_P/edit-mrwiktionary_ants.json

[12/37] amazon/boxes → results/vary_k2t5i_P/boxes_ants.json
Skipping (exists): results/vary_k2t5i_P/boxes_ants.json

[13/37] konect-small/petster-hamster → results/vary_k2t5i_P/petster-hamster_ants.json
Skipping (exists): results/vary_k2t5i_P/petster-hamster_ants.json

[14/37] konect-small/edit-nowikinews → results/vary_k2t5i_P/edit-nowikinews_ants.json
Skipping (exists): results/vary_k2t5i_P/edit-nowikinews_ants.json

[15/37] konect-small/edit-jamwiki → results/vary_k2t5i_P/edit-jamwiki_ants.json
Skipping (exists): results/vary_k2t5i_P/edit-jamwiki_ants.json

[16/37] konect-small/edit-wowiktionary → results/vary_k2t5i_P/edit-wowiktionary_ants.json
Skipping (exists): results/vary_k2t5i_P/edit-wowiktionary_ants.json

[17/37] konect-small/edit-rowikibooks → results/vary_k2t5i_P/edit-rowikibooks_ants.json
Skipping (exists): results/vary_k2t5i_P/edit-rowikibooks_ants.json

[18/37] konect-small/moreno_blogs → results/vary_k2t5i_P/moreno_blogs_ants.json
Skipping (exists): results/vary_k2t5i_P/moreno_blogs_ants.json

[19/37] konect/bitcoin → results/vary_k2t5i_P/bitcoin_ants.json
Skipping (exists): results/vary_k2t5i_P/bitcoin_ants.json

[20/37] konect/pgp-arenas → results/vary_k2t5i_P/pgp-arenas_ants.json
Skipping (exists): results/vary_k2t5i_P/pgp-arenas_ants.json

[21/37] konect-small/p2p-Gnutella09 → results/vary_k2t5i_P/p2p-Gnutella09_ants.json
Skipping (exists): results/vary_k2t5i_P/p2p-Gnutella09_ants.json

[22/37] konect/wiki_talk_nds → results/vary_k2t5i_P/wiki_talk_nds_ants.json
Skipping (exists): results/vary_k2t5i_P/wiki_talk_nds_ants.json

[23/37] konect/dimacs-polblogs → results/vary_k2t5i_P/dimacs-polblogs_ants.json
Skipping (exists): results/vary_k2t5i_P/dimacs-polblogs_ants.json

[24/37] konect/gnutella → results/vary_k2t5i_P/gnutella_ants.json
Skipping (exists): results/vary_k2t5i_P/gnutella_ants.json

[25/37] konect/ciaodvd → results/vary_k2t5i_P/ciaodvd_ants.json
Skipping (exists): results/vary_k2t5i_P/ciaodvd_ants.json

[26/37] konect/dblp_cite → results/vary_k2t5i_P/dblp_cite_ants.json
Skipping (exists): results/vary_k2t5i_P/dblp_cite_ants.json

[27/37] konect/matter → results/vary_k2t5i_P/matter_ants.json
Skipping (exists): results/vary_k2t5i_P/matter_ants.json

[28/37] konect/openflights → results/vary_k2t5i_P/openflights_ants.json
Skipping (exists): results/vary_k2t5i_P/openflights_ants.json

[29/37] konect-small/nawiki → results/vary_k2t5i_P/nawiki_ants.json
Skipping (exists): results/vary_k2t5i_P/nawiki_ants.json

[30/37] amazon/magazine → results/vary_k2t5i_P/magazine_ants.json
Skipping (exists): results/vary_k2t5i_P/magazine_ants.json

[31/37] amazon/music → results/vary_k2t5i_P/music_ants.json
Skipping (exists): results/vary_k2t5i_P/music_ants.json

[32/37] amazon/gift-cards → results/vary_k2t5i_P/gift-cards_ants.json
Skipping (exists): results/vary_k2t5i_P/gift-cards_ants.json

[33/37] amazon/health → results/vary_k2t5i_P/health_ants.json
Skipping (exists): results/vary_k2t5i_P/health_ants.json

[34/37] amazon/beauty → results/vary_k2t5i_P/beauty_ants.json
Skipping (exists): results/vary_k2t5i_P/beauty_ants.json

[35/37] amazon/appliances → results/vary_k2t5i_P/appliances_ants.json
Skipping (exists): results/vary_k2t5i_P/appliances_ants.json

[36/37] amazon/fashion → results/vary_k2t5i_P/fashion_ants.json
Loading graph from: data/amazon/fashion/indexed_interactions.csv
Parameters: k=2 θ=5
Inject: u=5 v=5 k=2 (in-memory; CSV unchanged)
Mode: vary ant-count (range=100, aco_runs=6)
ACO: iterations=5 pheromone=1 evaporation=0.95 subspecies=1
Pivot for quality baseline: no
Save: /home/kiyaanpillai/Documents/aco-mkdb/results/vary_k2t5i_P/fashion_ants.json
Reduction: simple
Graph edges: 2500939
Injected biclique: u=5 v=5 k=2 (existing=0 inserted=23 missing=2)
  planted U: [361722, 582158, 596297, 648024, 1219168]
  planted V: [184130, 320846, 474416, 555593, 780039]
  reserved missing: [(582158, 474416), (596297, 474416)]
nU=2035490, nV=874297, |E|=2500962

==================== VARY ant-count ====================
dataset=amazon/fashion  k=2  θ=5  iterations=5
ants-range=100  run_pivot=false  aco_runs=6
base_seed=1
prefer_smaller_side=true  neighbor_scope_limit=false
elite_pheromone=false  aco_tabu=false  mmas=false
reduction=simple (CNN / one-shot; progressive disabled)
DEBUG=true  plant_check=true

Warming up (excluded from timings)…
Prefer smaller side: true
Neighbor scope limit: false
Size of reduced graphs9 9
ACO MMAS disabled: species pheromone unbounded [0, +∞) (θ-heuristic not run for ACO)
ACO ablations: elite_pheromone=false tabu=false mmas=false
ACO subspecies 1 best: |U|=8 |V|=8 score=512 found_at_iter=1 found_at_t=0.0654s
ACO global best found at iteration 1 (t=0.0654s, score=512)

Reducing graph once (CNN)…
DEBUG: planted solution still in graph after reduction: yes dataset=amazon/fashion
  plant U=[361722, 582158, 596297, 648024, 1219168]  V=[184130, 320846, 474416, 555593, 780039]

── Graph reduction ──
  wall_time_s                  0.9730s
  allocated_bytes              396.97 MiB  (416255864 bytes)
  reduced_nU                   88
  reduced_nV                   78
  reduced_edges                356
  reduced_max_degree           24
  reduced_avg_degree           4.289156626506024

── Graph structure ──
  nU                           2035490
  nV                           874297
  edges                        2500962
  reduced_nU                   88
  reduced_nV                   78
  reduced_edges                356
  reduced_max_degree           24
  reduced_avg_degree           4.289156626506024
  mutable_graph_bytes          835.44 MiB  (876023640 bytes)
  frozen_after_reduction_bytes 15.16 KiB  (15520 bytes)

θ-heuristic warmup (excluded from timings)…

Running θ-heuristic…

── θ-heuristic ──
  wall_time_s                  0.0001s
  allocated_bytes              33.59 KiB  (34400 bytes)
  rss_delta_bytes              0.0 B  (0 bytes)
  rss_peak_bytes               3.05 GiB  (3277856768 bytes)
  solution                     |U|=5 |V|=1 edges=3 missing=2 (k=2)
  final_edges                  3
  optimal_edges                —
  matched_optimal              false

Running θ-heuristic…

── θ-heuristic ──
  wall_time_s                  0.0001s
  allocated_bytes              33.59 KiB  (34400 bytes)
  rss_delta_bytes              0.0 B  (0 bytes)
  rss_peak_bytes               3.05 GiB  (3277856768 bytes)
  solution                     |U|=5 |V|=1 edges=3 missing=2 (k=2)
  final_edges                  3
  optimal_edges                —
  matched_optimal              false

── ACO ants=100  run 1/6  seed=1  (JIT warmup; recorded but discarded in emit) ──
Prefer smaller side: true
Neighbor scope limit: false
Size of reduced graphs88 78
ACO MMAS disabled: species pheromone unbounded [0, +∞) (θ-heuristic not run for ACO)
ACO ablations: elite_pheromone=false tabu=false mmas=false
ACO subspecies 1 best: |U|=4 |V|=4 score=16 found_at_iter=3 found_at_t=0.0823s
ACO global best found at iteration 3 (t=0.0823s, score=16)
  wall=0.0865s  to_best=0.0823s  iters→best=3  edges=14  vs heur=3  [warmup]

── ACO ants=100  run 2/6  seed=2 ──
Prefer smaller side: true
Neighbor scope limit: false
Size of reduced graphs88 78
ACO MMAS disabled: species pheromone unbounded [0, +∞) (θ-heuristic not run for ACO)
ACO ablations: elite_pheromone=false tabu=false mmas=false
ACO subspecies 1 best: |U|=4 |V|=4 score=16 found_at_iter=2 found_at_t=0.0037s
ACO global best found at iteration 2 (t=0.0037s, score=16)
  wall=0.0098s  to_best=0.0037s  iters→best=2  edges=14  vs heur=3

── ACO ants=100  run 3/6  seed=3 ──
Prefer smaller side: true
Neighbor scope limit: false
Size of reduced graphs88 78
ACO MMAS disabled: species pheromone unbounded [0, +∞) (θ-heuristic not run for ACO)
ACO ablations: elite_pheromone=false tabu=false mmas=false
ACO subspecies 1 best: |U|=4 |V|=4 score=16 found_at_iter=5 found_at_t=0.0112s
ACO global best found at iteration 5 (t=0.0112s, score=16)
  wall=0.0115s  to_best=0.0112s  iters→best=5  edges=14  vs heur=3

── ACO ants=100  run 4/6  seed=4 ──
Prefer smaller side: true
Neighbor scope limit: false
Size of reduced graphs88 78
ACO MMAS disabled: species pheromone unbounded [0, +∞) (θ-heuristic not run for ACO)
ACO ablations: elite_pheromone=false tabu=false mmas=false
ACO subspecies 1 best: |U|=4 |V|=4 score=16 found_at_iter=2 found_at_t=0.0036s
ACO global best found at iteration 2 (t=0.0036s, score=16)
  wall=0.0092s  to_best=0.0036s  iters→best=2  edges=14  vs heur=3

── ACO ants=100  run 5/6  seed=5 ──
Prefer smaller side: true
Neighbor scope limit: false
Size of reduced graphs88 78
ACO MMAS disabled: species pheromone unbounded [0, +∞) (θ-heuristic not run for ACO)
ACO ablations: elite_pheromone=false tabu=false mmas=false
ACO subspecies 1 best: |U|=4 |V|=4 score=16 found_at_iter=3 found_at_t=0.0058s
ACO global best found at iteration 3 (t=0.0058s, score=16)
  wall=0.0111s  to_best=0.0058s  iters→best=3  edges=14  vs heur=3

── ACO ants=100  run 6/6  seed=6 ──
Prefer smaller side: true
Neighbor scope limit: false
Size of reduced graphs88 78
ACO MMAS disabled: species pheromone unbounded [0, +∞) (θ-heuristic not run for ACO)
ACO ablations: elite_pheromone=false tabu=false mmas=false
ACO subspecies 1 best: |U|=4 |V|=4 score=16 found_at_iter=2 found_at_t=0.0043s
ACO global best found at iteration 2 (t=0.0043s, score=16)
  wall=0.0116s  to_best=0.0043s  iters→best=2  edges=14  vs heur=3

==================== SUMMARY ======================
θ-heuristic edges=3  θ-feasible=false  |U|=5 |V|=1
ants    run   time        iters   edges     >heur   optimal
100     1     0.0865s     3       14        no      —
100     2     0.0098s     2       14        no      —
100     3     0.0115s     5       14        no      —
100     4     0.0092s     2       14        no      —
100     5     0.0111s     3       14        no      —
100     6     0.0116s     2       14        no      —
===================================================

Best ACO trial (by edges): ants=100  run=4  edges=14  discovery=0.0532s  ITB=2  TTB=0.0036s  θ-feasible=false
Wrote benchmark results → /home/kiyaanpillai/Documents/aco-mkdb/results/vary_k2t5i_P/fashion_ants.json
Random seed: --seed=1
a = 8978874144

[37/37] amazon/instruments → results/vary_k2t5i_P/instruments_ants.json
Loading graph from: data/amazon/instruments/indexed_interactions.csv
Parameters: k=2 θ=5
Inject: u=5 v=5 k=2 (in-memory; CSV unchanged)
Mode: vary ant-count (range=100, aco_runs=6)
ACO: iterations=5 pheromone=1 evaporation=0.95 subspecies=1
Pivot for quality baseline: no
Save: /home/kiyaanpillai/Documents/aco-mkdb/results/vary_k2t5i_P/instruments_ants.json
Reduction: simple
Graph edges: 3017439
Injected biclique: u=5 v=5 k=2 (existing=0 inserted=23 missing=2)
  planted U: [432965, 873664, 1050734, 1223541, 1708966]
  planted V: [17389, 121496, 128763, 188522, 240132]
  reserved missing: [(432965, 128763), (1708966, 188522)]
nU=1762679, nV=259791, |E|=3017462

==================== VARY ant-count ====================
dataset=amazon/instruments  k=2  θ=5  iterations=5
ants-range=100  run_pivot=false  aco_runs=6
base_seed=1
prefer_smaller_side=true  neighbor_scope_limit=false
elite_pheromone=false  aco_tabu=false  mmas=false
reduction=simple (CNN / one-shot; progressive disabled)
DEBUG=true  plant_check=true

Warming up (excluded from timings)…
Prefer smaller side: true
Neighbor scope limit: false
Size of reduced graphs9 9
ACO MMAS disabled: species pheromone unbounded [0, +∞) (θ-heuristic not run for ACO)
ACO ablations: elite_pheromone=false tabu=false mmas=false
ACO subspecies 1 best: |U|=8 |V|=8 score=512 found_at_iter=1 found_at_t=0.0641s
ACO global best found at iteration 1 (t=0.0641s, score=512)

Reducing graph once (CNN)…
DEBUG: planted solution still in graph after reduction: yes dataset=amazon/instruments
  plant U=[432965, 873664, 1050734, 1223541, 1708966]  V=[17389, 121496, 128763, 188522, 240132]

── Graph reduction ──
  wall_time_s                  1.4615s
  allocated_bytes              300.76 MiB  (315371912 bytes)
  reduced_nU                   6279
  reduced_nV                   2153
  reduced_edges                29397
  reduced_max_degree           618
  reduced_avg_degree           6.972722960151803

── Graph structure ──
  nU                           1762679
  nV                           259791
  edges                        3017462
  reduced_nU                   6279
  reduced_nV                   2153
  reduced_edges                29397
  reduced_max_degree           618
  reduced_avg_degree           6.972722960151803
  mutable_graph_bytes          645.53 MiB  (676889528 bytes)
  frozen_after_reduction_bytes 931.7 KiB  (954064 bytes)

θ-heuristic warmup (excluded from timings)…

Running θ-heuristic…

── θ-heuristic ──
  wall_time_s                  0.0026s
  allocated_bytes              1.74 MiB  (1825168 bytes)
  rss_delta_bytes              0.0 B  (0 bytes)
  rss_peak_bytes               2.33 GiB  (2498211840 bytes)
  solution                     |U|=5 |V|=7 edges=33 missing=2 (k=2)
  final_edges                  33
  optimal_edges                —
  matched_optimal              false

Running θ-heuristic…

── θ-heuristic ──
  wall_time_s                  0.0034s
  allocated_bytes              1.74 MiB  (1825168 bytes)
  rss_delta_bytes              0.0 B  (0 bytes)
  rss_peak_bytes               2.33 GiB  (2498211840 bytes)
  solution                     |U|=5 |V|=7 edges=33 missing=2 (k=2)
  final_edges                  33
  optimal_edges                —
  matched_optimal              false

── ACO ants=100  run 1/6  seed=1  (JIT warmup; recorded but discarded in emit) ──
Prefer smaller side: true
Neighbor scope limit: false
Size of reduced graphs6279 2153
ACO MMAS disabled: species pheromone unbounded [0, +∞) (θ-heuristic not run for ACO)
ACO ablations: elite_pheromone=false tabu=false mmas=false
ACO subspecies 1 best: |U|=5 |V|=2 score=4 found_at_iter=1 found_at_t=2.1534s
ACO global best found at iteration 1 (t=2.1534s, score=4)
  wall=19.0851s  to_best=2.1534s  iters→best=1  edges=8  vs heur=33  [warmup]

── ACO ants=100  run 2/6  seed=2 ──
Prefer smaller side: true
Neighbor scope limit: false
Size of reduced graphs6279 2153
ACO MMAS disabled: species pheromone unbounded [0, +∞) (θ-heuristic not run for ACO)
ACO ablations: elite_pheromone=false tabu=false mmas=false
ACO subspecies 1 best: |U|=5 |V|=3 score=9 found_at_iter=2 found_at_t=5.87s
ACO global best found at iteration 2 (t=5.87s, score=9)
  wall=15.7004s  to_best=5.8700s  iters→best=2  edges=13  vs heur=33

── ACO ants=100  run 3/6  seed=3 ──
Prefer smaller side: true
Neighbor scope limit: false
Size of reduced graphs6279 2153
ACO MMAS disabled: species pheromone unbounded [0, +∞) (θ-heuristic not run for ACO)
ACO ablations: elite_pheromone=false tabu=false mmas=false
ACO subspecies 1 best: |U|=3 |V|=3 score=9 found_at_iter=2 found_at_t=13.4622s
ACO global best found at iteration 2 (t=13.4622s, score=9)
  wall=73.5606s  to_best=13.4622s  iters→best=2  edges=7  vs heur=33

── ACO ants=100  run 4/6  seed=4 ──
Prefer smaller side: true
Neighbor scope limit: false
Size of reduced graphs6279 2153
ACO MMAS disabled: species pheromone unbounded [0, +∞) (θ-heuristic not run for ACO)
ACO ablations: elite_pheromone=false tabu=false mmas=false
ACO subspecies 1 best: |U|=3 |V|=3 score=9 found_at_iter=5 found_at_t=16.7567s
ACO global best found at iteration 5 (t=16.7567s, score=9)
  wall=16.7827s  to_best=16.7567s  iters→best=5  edges=7  vs heur=33

── ACO ants=100  run 5/6  seed=5 ──
Prefer smaller side: true
Neighbor scope limit: false
Size of reduced graphs6279 2153
ACO MMAS disabled: species pheromone unbounded [0, +∞) (θ-heuristic not run for ACO)
ACO ablations: elite_pheromone=false tabu=false mmas=false
ACO subspecies 1 best: |U|=4 |V|=3 score=9 found_at_iter=3 found_at_t=15.4909s
ACO global best found at iteration 3 (t=15.4909s, score=9)
  wall=29.6842s  to_best=15.4909s  iters→best=3  edges=10  vs heur=33

── ACO ants=100  run 6/6  seed=6 ──
Prefer smaller side: true
Neighbor scope limit: false
Size of reduced graphs6279 2153
ACO MMAS disabled: species pheromone unbounded [0, +∞) (θ-heuristic not run for ACO)
ACO ablations: elite_pheromone=false tabu=false mmas=false
ACO subspecies 1 best: |U|=3 |V|=4 score=9 found_at_iter=2 found_at_t=8.7815s
ACO global best found at iteration 2 (t=8.7815s, score=9)
  wall=18.4771s  to_best=8.7815s  iters→best=2  edges=10  vs heur=33

==================== SUMMARY ======================
θ-heuristic edges=33  θ-feasible=true  |U|=5 |V|=7
ants    run   time        iters   edges     >heur   optimal
100     1     19.0851s    1       8         no      —
100     2     15.7004s    2       13        no      —
100     3     73.5606s    2       7         no      —
100     4     16.7827s    5       7         no      —
100     5     29.6842s    3       10        no      —
100     6     18.4771s    2       10        no      —
===================================================

Best ACO trial (by edges): ants=100  run=2  edges=13  discovery=154.2050s  ITB=2  TTB=5.8700s  θ-feasible=false
Wrote benchmark results → /home/kiyaanpillai/Documents/aco-mkdb/results/vary_k2t5i_P/instruments_ants.json
Random seed: --seed=1
a = 90877494416

Done. JSON results under results/vary_k2t5i_P/
Skipped existing: 35
Next: PREFIX= ./scripts/compare-seeds.bash results/vary_k2t5i_P
